# Sample MT940 Bank Statement for Bank 1: Apex Commercial Bank
# Variant 1: Millennium Bank SWIFT MT940 with Polish/Central European subfields in :86:
# Subfields formatted with <00, <10, <20, <21, <27, <30, <38, <63REF... and comma decimal
:20:1720446
:25:APEX9912000000001111222233
:28C:00142
:NS:22APEX COMMERCIAL BANK CORP
:NS:23MAIN SETTLEMENT TREASURY ACCT
:60F:C260901INR1450000,00
:61:2609020902CR145000,00NTRFNONREF//UPI145000001
PRZELEW PRZYCHODZACY
:86:010<00UPI INWARD SETTLEMENT
<102609020001
<20UPI SETTLEMENT INV-2026-001
<21RRN: 426091002931 / VPA: alpha.retail@okhdfcbank
<22ZAPLATA ZA FAK. INV-2026-001
<27ALPHA RETAIL CORP
<28Tech Park Road, Phase 2
<30HDFC0001234
<31426091002931
<32ALPHA RETAIL CORP
<389912000000001111222233
<63REF426091002931
:61:2609030903CR200000,00NTRFNONREF//UPI145000002
PRZELEW PRZYCHODZACY
:86:010<00UPI INWARD SETTLEMENT PART 1
<102609030002
<20SPLIT PAYMENT PART 1 FOR INV-2026-005
<21RRN: 426093110294 / VPA: omega.global@axisbank
<22ZAPLATA ZA FAK. INV-2026-005 PARTIAL
<27OMEGA GLOBAL LOGISTICS
<28Harbor View Blvd 45
<30UTIB0000567
<31426093110294
<32OMEGA GLOBAL
<389912000000001111222233
<63REF426093110294
:61:2609030903CR150000,00NTRFNONREF//UPI145000003
PRZELEW PRZYCHODZACY
:86:010<00UPI INWARD SETTLEMENT PART 2
<102609030003
<20SPLIT PAYMENT PART 2 FOR INV-2026-005
<21RRN: 426093110295 / VPA: omega.global@axisbank
<22ZAPLATA ZA FAK. INV-2026-005 FINAL
<27OMEGA GLOBAL LOGISTICS
<28Harbor View Blvd 45
<30UTIB0000567
<31426093110295
<32OMEGA GLOBAL
<389912000000001111222233
<63REF426093110295
:61:2609040904DR1250,00NTRFNONREF//BANKFEE991
PROWIZJA BANKOWA
:86:012<00OPLATA ZA PROWADZENIE RACHUNKU
<102609040004
<20ACCOUNT MAINTENANCE & AUDIT CHARGE
<21BANK STATEMENT FEE
<27APEX COMMERCIAL BANK
<63REFAPEX-FEE-2026-09
:62F:C260905INR1943750,00
:64:C260905INR1943750,00
